<html>
<body>
<pre>
<h1>µVision Build Log</h1>
<h2>Project:</h2>
N:\MTE_241\Project_2_Mem_Alloc\UVisionProject\project2.uvproj
Project File Date:  10/08/2014

<h2>Output:</h2>
Build target 'Target 1'
assembling startup_LPC17xx.s...
compiling half_fit.c...
compiling main.c...
linking...
project2.axf: Error: L6218E: Undefined symbol SystemInit (referred from startup_lpc17xx.o).
Target not created
Build target 'Target 1'
compiling main.c...
compiling system_LPC17xx.c...
linking...
Program Size: Code=880 RO-data=428 RW-data=4 ZI-data=612  
"project2.axf" - 0 Error(s), 0 Warning(s).
Rebuild target 'Target 1'
assembling startup_LPC17xx.s...
compiling half_fit.c...
compiling main.c...
..\main.c(12): error:  #20: identifier "memBlock" is undefined
compiling system_LPC17xx.c...
Target not created
Build target 'Target 1'
compiling main.c...
linking...
Program Size: Code=1924 RO-data=236 RW-data=12 ZI-data=612  
"project2.axf" - 0 Error(s), 0 Warning(s).
Build target 'Target 1'
compiling main.c...
linking...
Program Size: Code=4194 RO-data=250 RW-data=24 ZI-data=864  
"project2.axf" - 0 Error(s), 0 Warning(s).
Rebuild target 'Target 1'
assembling startup_LPC17xx.s...
compiling half_fit.c...
compiling main.c...
compiling system_LPC17xx.c...
linking...
Program Size: Code=4194 RO-data=250 RW-data=24 ZI-data=864  
"project2.axf" - 0 Error(s), 0 Warning(s).
Rebuild target 'Target 1'
assembling startup_LPC17xx.s...
compiling half_fit.c...
compiling main.c...
compiling system_LPC17xx.c...
linking...
Program Size: Code=4194 RO-data=250 RW-data=24 ZI-data=864  
"project2.axf" - 0 Error(s), 0 Warning(s).
Load "N:\\MTE_241\\Project_2_Mem_Alloc\\UVisionProject\\project2.AXF" 
Erase Done.
Programming Done.
Verify OK.
Rebuild target 'Target 1'
assembling startup_LPC17xx.s...
compiling half_fit.c...
compiling main.c...
compiling system_LPC17xx.c...
linking...
Program Size: Code=4194 RO-data=250 RW-data=24 ZI-data=864  
"project2.axf" - 0 Error(s), 0 Warning(s).
